2
EXECUTED
EXECUTED
1
EXECUTED
1
0
4
node1
node3
node2
node4